// Jest Snapshot v1, https://goo.gl/fbAQLP

exports[`App component has been rendered correctly 1`] = `
<Router
  history={
    Object {
      "action": "POP",
      "block": [Function],
      "createHref": [Function],
      "go": [Function],
      "goBack": [Function],
      "goForward": [Function],
      "length": 1,
      "listen": [Function],
      "location": Object {
        "hash": "",
        "pathname": "/",
        "search": "",
        "state": undefined,
      },
      "push": [Function],
      "replace": [Function],
    }
  }
>
  <Accordion
    className=""
    headerClassName=""
    headerText="test"
    isChildrenVisible={false}
    onHeaderClick={[Function]}
  />
</Router>
`;
